PSScriptRoot: 
